2026-09-17T14:25:48Z INF Thank you for trying Cloudflare Tunnel. Doing so, without a Cloudflare account, is a quick way to experiment and try it out. However, be aware that these account-less Tunnels have no uptime guarantee, are subject to the Cloudflare Online Services Terms of Use (https://www.cloudflare.com/website-terms/), and Cloudflare reserves the right to investigate your use of Tunnels for violations of such terms. If you intend to use Tunnels in production you should use a pre-created named tunnel by following: https://developers.cloudflare.com/cloudflare-one/connections/connect-apps
2026-09-17T14:25:48Z INF Requesting new quick Tunnel on trycloudflare.com...
2026-09-17T14:25:53Z INF +--------------------------------------------------------------------------------------------+
2026-09-17T14:25:53Z INF |  Your quick Tunnel has been created! Visit it at (it may take some time to be reachable):  |
2026-09-17T14:25:53Z INF |  https://continues-specifics-tuner-super.trycloudflare.com                                 |
2026-09-17T14:25:53Z INF +--------------------------------------------------------------------------------------------+
2026-09-17T14:25:53Z INF Cannot determine default configuration path. No file [config.yml config.yaml] in [~/.cloudflared ~/.cloudflare-warp ~/cloudflare-warp /etc/cloudflared /usr/local/etc/cloudflared]
2026-09-17T14:25:53Z INF Version 2026.9.1 (Checksum 2673ad73e53bbd9f3c52c233d436f7a96d142b31cb406c9946ae52d98863dbf9)
2026-09-17T14:25:53Z INF GOOS: darwin, GOVersion: go1.27.1, GoArch: arm64
2026-09-17T14:25:53Z INF Settings: map[ha-connections:1 no-autoupdate:true protocol:quic url:http://localhost:11434]
2026-09-17T14:25:53Z INF cloudflared will not automatically update if installed by a package manager.
2026-09-17T14:25:53Z INF Generated Connector ID: 393fd70c-3f82-479f-8512-6d22e9340147
2026-09-17T14:25:53Z INF Initial protocol quic
2026-09-17T14:25:53Z INF ICMP proxy will use 192.168.29.120 as source for IPv4
2026-09-17T14:25:53Z INF ICMP proxy will use fe80::14a4:dfc3:a119:5ff6 in zone en0 as source for IPv6
2026-09-17T14:25:53Z INF Created ICMP proxy listening on 192.168.29.120:0
2026-09-17T14:25:53Z INF ICMP proxy will use 192.168.29.120 as source for IPv4
2026-09-17T14:25:53Z INF ICMP proxy will use fe80::14a4:dfc3:a119:5ff6 in zone en0 as source for IPv6
2026-09-17T14:25:53Z INF Starting metrics server on 127.0.0.1:20241/metrics
2026-09-17T14:25:53Z INF Tunnel connection curve preferences: [X25519MLKEM768 CurveID(65074) CurveP256] connIndex=0 event=0 ip=2606:4700:a8::3
2026-09-17T14:25:53Z INF +-------------------------------------------------------------------------------------+
2026-09-17T14:25:53Z INF |                               CONNECTIVITY PRE-CHECKS                               |
2026-09-17T14:25:53Z INF +-------------------------------------------------------------------------------------+
2026-09-17T14:25:53Z INF |  COMPONENT         TARGET                     STATUS  DETAILS                       |
2026-09-17T14:25:53Z INF |  DNS Resolution    region1.v2.argotunnel.com  PASS    DNS Resolved successfully     |
2026-09-17T14:25:53Z INF |  DNS Resolution    region2.v2.argotunnel.com  PASS    DNS Resolved successfully     |
2026-09-17T14:25:53Z INF |  UDP Connectivity  region1.v2.argotunnel.com  PASS    QUIC connection successful    |
2026-09-17T14:25:53Z INF |  UDP Connectivity  region2.v2.argotunnel.com  PASS    QUIC connection successful    |
2026-09-17T14:25:53Z INF |  TCP Connectivity  region1.v2.argotunnel.com  PASS    HTTP/2 connection successful  |
2026-09-17T14:25:53Z INF |  TCP Connectivity  region2.v2.argotunnel.com  PASS    HTTP/2 connection successful  |
2026-09-17T14:25:53Z INF |  Cloudflare API    api.cloudflare.com:443     PASS    API is reachable              |
2026-09-17T14:25:53Z INF |                                                                                     |
2026-09-17T14:25:53Z INF |  SUMMARY: Environment is healthy. cloudflared will use 'quic' as primary protocol.  |
2026-09-17T14:25:53Z INF +-------------------------------------------------------------------------------------+
2026-09-17T14:25:53Z INF precheck component="DNS Resolution" details="DNS Resolved successfully" run_id=f6d16554-183b-4c56-9672-c1c40cdabbee status=pass target=region1.v2.argotunnel.com
2026-09-17T14:25:53Z INF precheck component="DNS Resolution" details="DNS Resolved successfully" run_id=f6d16554-183b-4c56-9672-c1c40cdabbee status=pass target=region2.v2.argotunnel.com
2026-09-17T14:25:53Z INF precheck component="UDP Connectivity" details="QUIC connection successful" run_id=f6d16554-183b-4c56-9672-c1c40cdabbee status=pass target=region1.v2.argotunnel.com
2026-09-17T14:25:53Z INF precheck component="UDP Connectivity" details="QUIC connection successful" run_id=f6d16554-183b-4c56-9672-c1c40cdabbee status=pass target=region2.v2.argotunnel.com
2026-09-17T14:25:53Z INF precheck component="TCP Connectivity" details="HTTP/2 connection successful" run_id=f6d16554-183b-4c56-9672-c1c40cdabbee status=pass target=region1.v2.argotunnel.com
2026-09-17T14:25:53Z INF precheck component="TCP Connectivity" details="HTTP/2 connection successful" run_id=f6d16554-183b-4c56-9672-c1c40cdabbee status=pass target=region2.v2.argotunnel.com
2026-09-17T14:25:53Z INF precheck component="Cloudflare API" details="API is reachable" run_id=f6d16554-183b-4c56-9672-c1c40cdabbee status=pass target=api.cloudflare.com:443
2026-09-17T14:25:53Z INF precheck complete hard_fail=false run_id=f6d16554-183b-4c56-9672-c1c40cdabbee suggested_protocol=quic
2026-09-17T14:25:54Z INF Registered tunnel connection connIndex=0 connection=beba335f-582c-49af-a95f-10b77f73d990 event=0 ip=2606:4700:a8::3 location=bom10 protocol=quic
